bringing up nodes...
bringing up nodes...

........................................................................ [  1%]
.............................................................ss......... [  2%]
........................................................................ [  4%]
........................................................................ [  5%]
........................................................................ [  6%]
........................................................................ [  8%]
........................................................................ [  9%]
........................................................................ [ 10%]
........................................................................ [ 12%]
........................................................................ [ 13%]
........................................................................ [ 14%]
........................................................................ [ 16%]
........................................................................ [ 17%]
........................................................................ [ 18%]
........................................................................ [ 20%]
........................................................................ [ 21%]
........................................................................ [ 22%]
........................................................................ [ 24%]
........................................................................ [ 25%]
........................................................................ [ 26%]
........................................................................ [ 28%]
........................................................................ [ 29%]
........................................................................ [ 30%]
........................................................................ [ 32%]
........................................................................ [ 33%]
........................................................................ [ 34%]
........................................................................ [ 36%]
........................................................................ [ 37%]
........................................................................ [ 38%]
........................................................................ [ 40%]
........................................................................ [ 41%]
..................................sss..s................................ [ 42%]
........................................................................ [ 44%]
........................................................................ [ 45%]
........................................................................ [ 46%]
........................................................................ [ 48%]
........................................................................ [ 49%]
........................................................................ [ 50%]
........................................................................ [ 52%]
........................................................................ [ 53%]
........................................................................ [ 54%]
........................................................................ [ 56%]
........................................................................ [ 57%]
........................................................................ [ 58%]
........................................................................ [ 60%]
........................................................................ [ 61%]
........................................................................ [ 62%]
........................................................................ [ 64%]
........................................................................ [ 65%]
........................s............................................... [ 66%]
........................................................................ [ 68%]
........................................................................ [ 69%]
........................................................................ [ 70%]
........................................................................ [ 72%]
........................................................................ [ 73%]
........................................................................ [ 74%]
........................................................................ [ 76%]
........................................................................ [ 77%]
........................................................................ [ 78%]
........................................................................ [ 80%]
........................................................................ [ 81%]
........................................................................ [ 82%]
........................................................................ [ 84%]
........................................................................ [ 85%]
........................................................................ [ 86%]
........................................................................ [ 88%]
........................................................................ [ 89%]
........................................................................ [ 90%]
.ss..................................................................... [ 92%]
...........................s............................................ [ 93%]
........................................................................ [ 94%]
........................................................................ [ 96%]
........................................................................ [ 97%]
........................................................................ [ 98%]
................................................................         [100%]
=============================== warnings summary ===============================
tests/test_storyline_library_api.py::test_a_chapter_is_prepared_confirmed_and_explained_over_http
  /private/tmp/reality-326-acceptance/packages/reality-core/tests/conftest.py:123: SAWarning: transaction already deassociated from connection
    transaction.rollback()

-- Docs: https://docs.pytest.org/en/stable/how-to/capture-warnings.html
============================= slowest 10 durations =============================
73.63s call     tests/finance/test_components.py::test_component_migration_preserves_postings_and_guards_history
58.44s call     tests/finance/test_target_mappings.py::test_target_migration_preserves_ledger_and_refuses_history_loss
55.30s call     tests/finance/test_references.py::test_reference_migration_preserves_postings_and_blocks_destructive_downgrade
52.11s call     tests/finance/test_source_mappings.py::test_source_mapping_migration_preserves_ledger_and_history
50.52s call     tests/scenarios/test_b2b_operational_chain.py::test_empty_company_profile_builds_dated_consistently_numbered_story
44.92s call     tests/scenarios/test_international_demo.py::test_seeded_buyers_are_authored_not_drawn
42.27s call     tests/scenarios/test_international_demo.py::test_settlement_is_authored_not_drawn
42.14s call     tests/test_company_setup.py::test_live_creation_failure_is_retryable_without_partial_connection
40.16s call     tests/finance/test_adjustments.py::test_additive_reduction_migration_preserves_populated_accounts
35.89s call     tests/test_free_playground.py::test_entry_read_only_replay_preserves_live_pause[true]
5382 passed, 10 skipped, 1 warning in 3253.88s (0:54:13)
