bringing up nodes...
bringing up nodes...

........................................................................ [  1%]
......................................................................ss [  2%]
........................................................................ [  4%]
........................................................................ [  5%]
........................................................................ [  6%]
........................................................................ [  8%]
.....................................................................
============================= slowest 10 durations =============================
60.62s call     tests/finance/test_components.py::test_component_migration_preserves_postings_and_guards_history
29.95s call     tests/finance/test_adjustments.py::test_additive_reduction_migration_preserves_populated_accounts
27.12s setup    tests/test_account_default_migration.py::test_incompatible_legacy_role_aborts_without_schema_or_data_loss
24.71s call     tests/test_analysis_positions_history.py::test_balances_are_not_truncated_at_register_page_size
22.78s call     tests/finance/test_accounts.py::test_clean_schema_migration
20.50s call     tests/finance/test_accounts.py::test_account_configuration_api_uses_proposal
19.31s setup    tests/test_account_default_migration.py::test_populated_defaults_roundtrip_exact_ids_accounts_authority_and_schema
18.96s call     tests/test_application_catalog.py::test_workspace_catalog_rejects_drift[<lambda>-complete_navigation]
18.03s call     tests/test_application_catalog.py::test_workspace_catalog_rejects_drift[<lambda>-unknown projection]
15.18s call     tests/test_application_catalog.py::test_workspace_catalog_rejects_drift[<lambda>-Duplicate workspace]
!!!!!!!!!!!!!!!!!!!!!!!!!!!!!! KeyboardInterrupt !!!!!!!!!!!!!!!!!!!!!!!!!!!!!!!
/opt/homebrew/Cellar/python@3.12/3.12.4/Frameworks/Python.framework/Versions/3.12/lib/python3.12/threading.py:359: KeyboardInterrupt
(to show a full traceback on KeyboardInterrupt use --full-trace)
499 passed, 2 skipped in 784.71s (0:13:04)
