bringing up nodes...
bringing up nodes...

........................................................................ [  1%]
................................................ss...................... [  2%]
........................................................................ [  4%]
........................................................................ [  5%]
........................................................................ [  6%]
........................................................................ [  8%]
........................................................................ [  9%]
........................................................................ [ 10%]
........................................................................ [ 12%]
........................................................................ [ 13%]
........................................................................ [ 14%]
........................................................................ [ 16%]
........................................................................ [ 17%]
........................................................................ [ 18%]
........................................................................ [ 20%]
........................................................................ [ 21%]
........................................................................ [ 22%]
........................................................................ [ 24%]
........................................................................ [ 25%]
........................................................................ [ 26%]
........................................................................ [ 28%]
........................................................................ [ 29%]
........................................................................ [ 30%]
........................................................................ [ 32%]
........................................................................ [ 33%]
........................................................................ [ 34%]
........................................................................ [ 36%]
........................................................................ [ 37%]
........................................................................ [ 39%]
........................................................................ [ 40%]
........................................................................ [ 41%]
........................................................................ [ 43%]
........................................................................ [ 44%]
.........................................sss...s........................ [ 45%]
........................................................................ [ 47%]
........................................................................ [ 48%]
........................................................................ [ 49%]
........................................................................ [ 51%]
........................................................................ [ 52%]
........................................................................ [ 53%]
........................................................................ [ 55%]
........................................................................ [ 56%]
........................................................................ [ 57%]
........................................................................ [ 59%]
........................................................................ [ 60%]
........................................................................ [ 61%]
........................................................................ [ 63%]
........................................................................ [ 64%]
........................................................................ [ 65%]
....................................s................................... [ 67%]
........................................................................ [ 68%]
........................................................................ [ 69%]
........................................................................ [ 71%]
........................................................................ [ 72%]
........................................................................ [ 74%]
........................................................................ [ 75%]
................................................................F....... [ 76%]
........................................................................ [ 78%]
........................................................................ [ 79%]
........................................................................ [ 80%]
........................................................................ [ 82%]
........................................................................ [ 83%]
........................................................................ [ 84%]
........................................................................ [ 86%]
.................................ss..................................... [ 87%]
........................................................................ [ 88%]
........................................................................ [ 90%]
........................................................................ [ 91%]
........................................................................ [ 92%]
.................................................s...................... [ 94%]
........................................................................ [ 95%]
........................................................................ [ 96%]
........................................................................ [ 98%]
........................................................................ [ 99%]
.......................                                                  [100%]
=================================== FAILURES ===================================
_______ test_every_business_table_is_declared_or_deferred_with_a_reason ________
[gw1] darwin -- Python 3.12.4 /Users/benediktsauter/GitHub/reality/.venv/bin/python3.12
tests/test_reporting_graph_coverage.py:266: in test_every_business_table_is_declared_or_deferred_with_a_reason
    assert not undeclared, (
E   AssertionError: ['finance_reference_store'] is neither declared nor named as deferred. Add a node, or name the slice it belongs to with a reason.
E   assert not {'finance_reference_store'}
=============================== warnings summary ===============================
tests/test_storyline_library_api.py::test_a_chapter_is_prepared_confirmed_and_explained_over_http
  /private/tmp/reality-324-acceptance.0j147wxa/packages/reality-core/tests/conftest.py:123: SAWarning: transaction already deassociated from connection
    transaction.rollback()

-- Docs: https://docs.pytest.org/en/stable/how-to/capture-warnings.html
============================= slowest 10 durations =============================
104.64s call     tests/test_storyline_chat.py::test_standalone_free_play_records_real_chat_and_preserves_archive
90.45s call     tests/test_storyline_chat.py::test_standalone_free_play_is_confirmed_idempotent_and_has_no_story
62.77s call     tests/test_free_playground.py::test_entry_read_only_replay_preserves_live_pause[None]
44.92s call     tests/test_http_boundary.py::test_tenant_application_reference_uses_validated_catalog
39.00s call     tests/test_free_playground.py::test_entry_read_only_replay_preserves_live_pause[true]
36.57s call     tests/test_schema_indexes.py::test_migrated_database_indexes_every_foreign_key
36.39s call     tests/test_free_playground.py::test_entry_read_only_replay_preserves_live_pause[false]
35.02s call     tests/scenarios/test_international_demo.py::test_settlement_is_authored_not_drawn
34.10s call     tests/test_company_setup.py::test_live_creation_failure_is_retryable_without_partial_connection
31.55s call     tests/scenarios/test_international_demo.py::test_seeded_buyers_are_authored_not_drawn
=========================== short test summary info ============================
FAILED tests/test_reporting_graph_coverage.py::test_every_business_table_is_declared_or_deferred_with_a_reason
1 failed, 5340 passed, 10 skipped, 1 warning in 3247.74s (0:54:07)
